0-add_integer module
Import add_integer

>>> add_integer = __import__('0-add_integer').add_integer

>>> add_integer(3, 4)
7

>>> add_integer(20, -7)
13

>>> add_integer(6.7, -56)
-50

>>> add_integer(9)
107

>>> add_integer(5, 'cool')
Traceback (most recent call last):
TypeError: b must be an integer

>>> add_integer('2', 5)
Traceback (most recent call last):
TypeError: a must be an integer

>>> add_integer(float('inf'))
Traceback (most recent call last):
OverflowError: cannot convert float infinity to integer

>>> add_integer(float('nan'), 8)
Traceback (most recent call last):
ValueError: cannot convert float NaN to integer

>>> add_integer(1e1000)
Traceback (most recent call last):
OverflowError: cannot convert float infinity to integer
