>>> say_my_name = __import__('3-say_my_name').say_my_name

>>> say_my_name("Uwimbabazi", "Keza")
My name is Uwimbabazi Keza

>>> say_my_name(Uwimbabazi, "Keza")
Traceback (most recent call last):
NameError: name 'Uwimbabazi' is not defined

>>> say_my_name(12, "Keza")
Traceback (most recent call last):
TypeError: first_name must be a string

>>> say_my_name("Uwi", 9.7)
Traceback (most recent call last):
TypeError: last_name must be a string

>>> say_my_name()
Traceback (most recent call last):
TypeError: say_my_name() missing 1 required positional argument: 'first_name'
